Script started on Fri 23 Jan 2015 11:07:48 PM PST
~
ccali003@hammer $ cd Documents/CS100/hw0/rshell
~/Documents/CS100/hw0/rshell
ccali003@hammer $ make
if [ ! -d bin ]; then mkdir bin; fi
g++ -ansi -pedantic -Wall -Werror src/rshell.cpp -o bin/rshell
~/Documents/CS100/hw0/rshell
ccali003@hammer $ bin/rshell
ccali003@hammer.cs.ucr.edu:~$ TEST      START TEST CASES
there was an error in execvp: No such file or directory
ccali003@hammer.cs.ucr.edu:~$ ls
LICENSE  Makefile  README.md  bin  src	tests
ccali003@hammer.cs.ucr.edu:~$ ls -l
total 40
-rw------- 1 ccali003 classes 18027 Jan 23 22:22 LICENSE
-rw------- 1 ccali003 classes   216 Jan 23 22:22 Makefile
-rw------- 1 ccali003 classes   365 Jan 23 22:22 README.md
drwx------ 2 ccali003 classes  4096 Jan 23 23:04 bin
drwx------ 2 ccali003 classes  4096 Jan 23 23:02 src
drwx------ 2 ccali003 classes  4096 Jan 23 23:04 tests
ccali003@hammer.cs.ucr.edu:~$ ls -l -a
total 52
drwx------ 6 ccali003 classes  4096 Jan 23 22:23 .
drwx------ 3 ccali003 classes  4096 Jan 23 22:21 ..
drwx------ 8 ccali003 classes  4096 Jan 23 22:49 .git
-rw------- 1 ccali003 classes 18027 Jan 23 22:22 LICENSE
-rw------- 1 ccali003 classes   216 Jan 23 22:22 Makefile
-rw------- 1 ccali003 classes   365 Jan 23 22:22 README.md
drwx------ 2 ccali003 classes  4096 Jan 23 23:04 bin
drwx------ 2 ccali003 classes  4096 Jan 23 23:02 src
drwx------ 2 ccali003 classes  4096 Jan 23 23:04 tests
ccali003@hammer.cs.ucr.edu:~$ ls -l #pwd   pwd
total 40
-rw------- 1 ccali003 classes 18027 Jan 23 22:22 LICENSE
-rw------- 1 ccali003 classes   216 Jan 23 22:22 Makefile
-rw------- 1 ccali003 classes   365 Jan 23 22:22 README.md
drwx------ 2 ccali003 classes  4096 Jan 23 23:04 bin
drwx------ 2 ccali003 classes  4096 Jan 23 23:02 src
drwx------ 2 ccali003 classes  4096 Jan 23 23:04 tests
ccali003@hammer.cs.ucr.edu:~$ ls # pwd
LICENSE  Makefile  README.md  bin  src	tests
ccali003@hammer.cs.ucr.edu:~$ ls                                                                                                                                                                        -l  
total 40
-rw------- 1 ccali003 classes 18027 Jan 23 22:22 LICENSE
-rw------- 1 ccali003 classes   216 Jan 23 22:22 Makefile
-rw------- 1 ccali003 classes   365 Jan 23 22:22 README.md
drwx------ 2 ccali003 classes  4096 Jan 23 23:04 bin
drwx------ 2 ccali003 classes  4096 Jan 23 23:02 src
drwx------ 2 ccali003 classes  4096 Jan 23 23:04 tests
ccali003@hammer.cs.ucr.edu:~$ ls															                           									                           -a # This is with tabs and spaces
.  ..  .git  LICENSE  Makefile	README.md  bin	src  tests
ccali003@hammer.cs.ucr.edu:~$ lsssssssssssssssssssssssssssssssssssssssssssssssssssssssssssssssssssssssssssssssssssssssssssssssssssssssssssssssssssssssssssssssssssssssssssssssssssssssssssssssssssssssssssssssssssssssssssssssssssssssssssssssssssssssssssssssssssssssssssssssssssssssssssssssssssssssssssssssssssssssssssssssssssssssssssssssssssssssssssssssssssssssssssssssssssssssssssssssssssssssssssssssssssssssssssssssssssssssssssssssssssssssssssssssssssssssssssssssssssssssssssssssssssssssssssssssssssssssssssssssssssssssssssssssssssssssssssssssssssssssssssssssssssssssssssssssssssssssssssssssssssssssssssssssssssssssssssssssssssssssssssssssssssssssssssssssssssssssssssssssssssss
there was an error in execvp: File name too long
ccali003@hammer.cs.ucr.edu:~$ ls ; pwd #     #h Have not coded to account fo c  r connectors
ls: cannot access ;: No such file or directory
ls: cannot access pwd: No such file or directory
ccali003@hammer.cs.ucr.edu:~$ ls;pwd
ls: cannot access ;: No such file or directory
ls: cannot access pwd: No such file or directory
ccali003@hammer.cs.ucr.edu:~$ ls & pwd
ls: cannot access &: No such file or directory
ls: cannot access pwd: No such file or directory
ccali003@hammer.cs.ucr.edu:~$ ls && pwd
ls: cannot access &&: No such file or directory
ls: cannot access pwd: No such file or directory
ccali003@hammer.cs.ucr.edu:~$ ls || pwd
ls: cannot access ||: No such file or directory
ls: cannot access pwd: No such file or directory
ccali003@hammer.cs.ucr.edu:~$ ls||pwd
ls: cannot access ||: No such file or directory
ls: cannot access pwd: No such file or directory
ccali003@hammer.cs.ucr.edu:~$ ls&&pwd #Will need to fix this later
ls: cannot access &&: No such file or directory
ls: cannot access pwd: No such file or directory
ccali003@hammer.cs.ucr.edu:~$ ls  ls                                                                                                                                                                                                                                                 ; pwd
ls: cannot access ;: No such file or directory
ls: cannot access pwd: No such file or directory
ccali003@hammer.cs.ucr.edu:~$ ./a.    ls
LICENSE  Makefile  README.md  bin  src	tests
ccali003@hammer.cs.ucr.edu:~$ ./a.out
there was an error in execvp: No such file or directory
ccali003@hammer.cs.ucr.edu:~$ cd    src/a.out
ccali003@hammer.cs.ucr.edu:~$ exit
ccali003@hammer.cs.ucr.edu:~$ exit
~/Documents/CS100/hw0/rshell
ccali003@hammer $ exit
exit

Script done on Fri 23 Jan 2015 11:11:55 PM PST
